// Jest Snapshot v1, https://goo.gl/fbAQLP

exports[`Account renders the FlatList component 1`] = `
<RCTScrollView
  data={
    Array [
      "apple",
      "banana",
      "kiwi",
    ]
  }
  getItem={[Function]}
  getItemCount={[Function]}
  keyExtractor={[Function]}
  onContentSizeChange={[Function]}
  onLayout={[Function]}
  onMomentumScrollBegin={[Function]}
  onMomentumScrollEnd={[Function]}
  onScroll={[Function]}
  onScrollBeginDrag={[Function]}
  onScrollEndDrag={[Function]}
  removeClippedSubviews={false}
  renderItem={[Function]}
  scrollEventThrottle={50}
  stickyHeaderIndices={Array []}
  viewabilityConfigCallbackPairs={Array []}
>
  <View>
    <View
      onLayout={[Function]}
      style={null}
    >
      <Text>
        apple
      </Text>
    </View>
    <View
      onLayout={[Function]}
      style={null}
    >
      <Text>
        banana
      </Text>
    </View>
    <View
      onLayout={[Function]}
      style={null}
    >
      <Text>
        kiwi
      </Text>
    </View>
  </View>
</RCTScrollView>
`;

exports[`Account should render correctly 1`] = `undefined`;
